# Mon Oct 04 06:30:08 UTC 2021
          2021SF4             
          2021SK4             
          2021SL4             
          2021TK              
          2021TL              
          2021TM              
          2021TN              
          2021TO              
          2021TQ              
# Sun Oct 03 15:00:09 UTC 2021
          2021TF              
# Sun Oct 03 14:30:09 UTC 2021
          2017TJ1             
          2021SY3             
          2021SZ3             
# Sun Oct 03 13:30:10 UTC 2021
          2019UT6             
          2021SW3             
          2021SX3             
          2021TD              
          2021TE              
# Sun Oct 03 11:58:03 UTC 2021
2063      Bacchus             
3103      Eger                
3352      McAuliffe           
3361      Orpheus             
3691      Bede                
3753      Cruithne            
4183      Cuno                
4341      Poseidon            
4660      Nereus              
5131      1990BG              
5751      Zao                 
6050      Miwablock           
6178      1986DA              
7341      1991VK              
7358      Oze                 
7482      1994PC1             
11284     Belenus             
11885     Summanus            
12923     Zephyr              
16960     1998QS52            
17511     1992QN              
18736     1998NU              
18882     1999YN4             
20429     1998YN1             
20460     Robwhiteley         
30825     1990TG1             
32906     1994RH              
52750     1998KK17            
54686     2001DU8             
65679     1989UQ              
68063     2000YJ66            
88263     2001KQ1             
106538    2000WK63            
106589    2000WN107           
136795    Tatsunokingo        
137199    1999KX4             
137427    1999TF211           
138359    2000GX127           
138815    2000TQ64            
143649    2003QQ47            
152575    1994GY              
153591    2001SN263           
154555    2003HA              
155340    2006SK198           
159857    2004LJ1             
162273    1999VL12            
162679    2000TK1             
171486    1996MO              
198856    2005LR3             
199003    2005WJ56            
202411    2005RC              
220909    2005EO1             
234061    1999HE1             
248818    2006SZ217           
249886    2001RY11            
271480    2004FX31            
283460    2001PD1             
285263    1998QE2             
285638    2000SO10            
294739    2008CM              
297300    1998SC15            
303174    2004FH11            
303262    2004RJ84            
310402    1999EE5             
326732    2003HB6             
329669    2003UD8             
331792    2003MT2             
333755    2010VC1             
351370    2005EY              
353938    1998QR15            
363027    1998ST27            
380636    2004XN14            
416680    2004XD50            
452807    2006KV89            
458723    2011KQ12            
475462    2006SW5             
477588    2010JD87            
497232    2005EF              
503871    2000SL              
504033    2005UN157           
523585    1998MW5             
523648    2010WP8             
528507    2008UC95            
          1991TF3             
          1999FJ21            
          2000EY106           
          2001UX4             
          2002RO137           
          2002TP69            
          2005OG3             
          2005RO33            
          2005TR45            
          2006AM8             
          2007SR1             
          2007TG25            
          2008SN1             
          2010WT8             
          2011SG189           
          2011YQ10            
          2012DE61            
          2013LV28            
          2013QH48            
          2013RC21            
          2013RZ73            
          2013SL30            
          2013WA44            
          2014KE91            
          2014OD300           
          2014QJ433           
          2014SH142           
          2014UU192           
          2015UC67            
          2015UH51            
          2015VR1             
          2016XU17            
          2017AP20            
          2017SJ20            
          2017WA15            
          2017WW11            
          2018DH1             
          2019NN36            
          2019UD4             
          2021GY1             
          2021JH2             
          2021KK              
          2021KQ7             
          2021LN15            
          2021LQ24            
          2021MG1             
          2021MM1             
          2021MO1             
          2021NC1             
          2021NY1             
          2021PA2             
          2021PA24            
          2021PB15            
          2021PD2             
          2021PF2             
          2021PG46            
          2021PR2             
          2021PT6             
          2021QB3             
          2021QF5             
          2021QO42            
          2021QX              
          2021RA15            
          2021RD20            
          2021RE1             
          2021RE16            
          2021RF2             
          2021RJ2             
          2021RK14            
          2021RL              
          2021RO1             
          2021RP1             
          2021RP12            
          2021RR              
          2021RR14            
          2021RT              
          2021RU12            
          2021RZ              
          2021SC1             
          2021SC3             
          2021SF1             
          2021SH3             
          2021SJ3             
          2021SM1             
          2021SO1             
          2021SP3             
          2021SQ3             
          2021SR2             
          2021SR3             
          2021SS3             
          2021ST              
          2021ST3             
          2021SU1             
          2021SZ1             
          2021SZ2             
          2021TB              
          2021TC              
# Sat Oct 02 17:00:09 UTC 2021
          2021SM3             
# Sat Oct 02 13:30:10 UTC 2021
          2021SJ3             
# Sat Oct 02 11:58:02 UTC 2021
3352      McAuliffe           
4183      Cuno                
4341      Poseidon            
16960     1998QS52            
18882     1999YN4             
25330     1999KV4             
26663     2000XK47            
29075     1950DA              
30825     1990TG1             
32906     1994RH              
42286     2001TN41            
52750     1998KK17            
52762     1998MT24            
68063     2000YJ66            
85709     1998SG36            
85713     1998SS49            
85839     1998YO4             
87684     2000SY2             
96189     Pygmalion           
138859    2000WN63            
143649    2003QQ47            
154278    2002TB9             
162142    1998VR              
162273    1999VL12            
162510    2000QW69            
203217    2001FX9             
216258    2006WH1             
232382    2003BT47            
234061    1999HE1             
235756    2004VC              
249886    2001RY11            
250697    2005QY151           
255501    2006BG              
267759    2003MC7             
283460    2001PD1             
302871    2003HA22            
303174    2004FH11            
326732    2003HB6             
351508    2005RN33            
353938    1998QR15            
410195    2007RT147           
416231    2003AJ73            
445267    2009SD229           
452314    1999LN28            
481790    2008TF4             
503274    2015QE9             
503871    2000SL              
523593    2001TZ1             
523660    2012KY41            
523810    2008RG98            
528507    2008UC95            
          1991TF3             
          2000EY106           
          2001UX4             
          2002RA182           
          2002RO137           
          2004PJ2             
          2005TR45            
          2006OA5             
          2007TG25            
          2008SN1             
          2011UC292           
          2011YQ10            
          2012TT              
          2013QH48            
          2014QW432           
          2014UU192           
          2015TX143           
          2015XE352           
          2016JS28            
          2016WF9             
          2017SP19            
          2017SR19            
          2017UX5             
          2018GY1             
          2018TG5             
          2019HH4             
          2019RU3             
          2021JH2             
          2021LN15            
          2021LQ24            
          2021MO1             
          2021NF1             
          2021NW5             
          2021NY1             
          2021PB15            
          2021PD9             
          2021PO41            
          2021PQ26            
          2021PS2             
          2021QB6             
          2021QF5             
          2021QK5             
          2021QM3             
          2021RE5             
          2021RE15            
          2021RF1             
          2021RO9             
          2021RP1             
          2021RP12            
          2021RR1             
          2021RR14            
          2021RT5             
          2021RV10            
          2021RY2             
          2021RZ3             
          2021SB1             
          2021SC1             
          2021SD1             
          2021SD2             
          2021SE1             
          2021SJ1             
          2021SM1             
          2021SO              
          2021SR2             
          2021ST              
          2021SU1             
          2021SV2             
          2021SX2             
          2021SY2             
          2021SZ1             
# Sat Oct 02 11:30:09 UTC 2021
          2021SG3             
          2021SH3             
# Sat Oct 02 05:30:09 UTC 2021
          2021SC3             
          2021SD3             
          2021SE3             
          2021SF3             
# Fri Oct 01 23:30:09 UTC 2021
          2021SZ2             
# Fri Oct 01 23:00:09 UTC 2021
          2021SV2             
          2021SW2             
          2021SX2             
          2021SY2             
# Fri Oct 01 16:00:09 UTC 2021
          2021NN50            
          2021SR2             
# Fri Oct 01 15:30:09 UTC 2021
          2012TJ146           
# Fri Oct 01 13:30:10 UTC 2021
          2021RM26            
# Fri Oct 01 11:58:03 UTC 2021
1943      Anteros             
3200      Phaethon            
3361      Orpheus             
4183      Cuno                
4341      Poseidon            
4660      Nereus              
4954      Eric                
5131      1990BG              
5751      Zao                 
7341      1991VK              
8201      1994AH2             
12923     Zephyr              
16816     1997UF9             
16960     1998QS52            
20826     2000UV13            
32906     1994RH              
37336     2001RM              
52750     1998KK17            
52768     1998OR2             
68063     2000YJ66            
85839     1998YO4             
86067     1999RM28            
87309     2000QP              
138815    2000TQ64            
142563    2002TR69            
154278    2002TB9             
155140    2005UD              
155340    2006SK198           
159857    2004LJ1             
162273    1999VL12            
162510    2000QW69            
163732    2003KP2             
199003    2005WJ56            
267221    2001AD2             
283460    2001PD1             
297300    1998SC15            
303174    2004FH11            
303250    2004RU10            
303262    2004RJ84            
304330    2006SX217           
307161    2002DY3             
308041    2004TN              
318160    2004QZ2             
326732    2003HB6             
337248    2000RH60            
349063    2006XA              
353938    1998QR15            
363027    1998ST27            
374158    2004UL              
382395    1990SM              
397237    2006KZ112           
418896    2009AK15            
442742    2012WP3             
465616    2009EC              
471956    2013SC25            
523593    2001TZ1             
523599    2003RM              
523828    1992BC              
          1991TF3             
          1998SL36            
          1999FJ21            
          1999TW16            
          2000EY106           
          2000WO148           
          2002RO137           
          2003QA              
          2004FJ11            
          2005OG3             
          2005QN11            
          2005RO33            
          2006AM8             
          2007SR1             
          2007TA25            
          2007TG25            
          2008SN1             
          2008SX148           
          2011CD22            
          2011SG189           
          2011SZ120           
          2013RZ73            
          2013SL30            
          2013TS5             
          2014EZ48            
          2014HA177           
          2014HO129           
          2014SH142           
          2014SK142           
          2014WW120           
          2015RJ83            
          2015TB145           
          2015UC67            
          2015XE352           
          2016JG12            
          2016VV3             
          2016XU17            
          2017FS188           
          2017QF2             
          2017SH2             
          2018TG5             
          2019RU3             
          2021GL10            
          2021JH2             
          2021KH3             
          2021LB2             
          2021LH9             
          2021LN15            
          2021LQ24            
          2021MD1             
          2021MO1             
          2021NC1             
          2021NC8             
          2021NF1             
          2021NM39            
          2021NT14            
          2021NU              
          2021NY1             
          2021OX              
          2021OX1             
          2021PA2             
          2021PB              
          2021PB15            
          2021PG46            
          2021PL23            
          2021PO41            
          2021PR2             
          2021PT16            
          2021PY40            
          2021QB6             
          2021QF5             
          2021QJ6             
          2021QP              
          2021QP2             
          2021RA2             
          2021RB15            
          2021RD20            
          2021RE5             
          2021RG7             
          2021RH26            
          2021RJ2             
          2021RK10            
          2021RL              
          2021RL2             
          2021RL12            
          2021RM5             
          2021RO1             
          2021RP12            
          2021RR14            
          2021RT              
          2021RU12            
          2021RU14            
          2021RU19            
          2021RY6             
          2021SG1             
          2021SK1             
          2021SK2             
          2021SM1             
          2021SN2             
          2021SO2             
          2021ST              
          2021SU1             
          2021SV              
          2021SV1             
          2021SZ1             
# Fri Oct 01 11:30:08 UTC 2021
          2017SP19            
# Fri Oct 01 08:17:09 UTC 2021
          2021JQ24            
237805    2002CF26            
# Thu Sep 30 23:00:09 UTC 2021
          2021SP2             
          2021SQ2             
# Thu Sep 30 19:00:09 UTC 2021
          2021SO2             
# Thu Sep 30 17:30:08 UTC 2021
          2021SL2             
          2021SM2             
          2021SN2             
# Thu Sep 30 17:00:09 UTC 2021
          2021SK2             
# Thu Sep 30 16:30:08 UTC 2021
          2021SH2             
          2021SJ2             
# Thu Sep 30 15:30:09 UTC 2021
          2013SU19            
# Thu Sep 30 14:30:09 UTC 2021
          2021SE2             
          2021SF2             
          2021SG2             
# Thu Sep 30 11:58:02 UTC 2021
433       Eros                
1943      Anteros             
3103      Eger                
3200      Phaethon            
3352      McAuliffe           
3753      Cruithne            
4183      Cuno                
4341      Poseidon            
5143      Heracles            
5332      Davidaguilar        
7341      1991VK              
11284     Belenus             
16960     1998QS52            
18736     1998NU              
20826     2000UV13            
25330     1999KV4             
29075     1950DA              
32906     1994RH              
34613     2000UR13            
42286     2001TN41            
52750     1998KK17            
68063     2000YJ66            
85709     1998SG36            
85839     1998YO4             
87024     2000JS66            
87684     2000SY2             
88263     2001KQ1             
96189     Pygmalion           
138205    2000EZ148           
142563    2002TR69            
143649    2003QQ47            
155140    2005UD              
155340    2006SK198           
159857    2004LJ1             
162273    1999VL12            
162510    2000QW69            
162679    2000TK1             
162723    2000VM2             
190788    2001RT17            
199003    2005WJ56            
202411    2005RC              
216115    2006SU19            
235756    2004VC              
248818    2006SZ217           
255501    2006BG              
264357    2000AZ93            
285263    1998QE2             
285571    2000PQ9             
297300    1998SC15            
303174    2004FH11            
326732    2003HB6             
329669    2003UD8             
333755    2010VC1             
349063    2006XA              
353938    1998QR15            
397237    2006KZ112           
408980    2002RB126           
412977    1990UO              
414429    2009DC43            
453729    2011BO24            
474585    2004HC2             
475462    2006SW5             
488579    2002FQ4             
516976    2012HM1             
518678    2008UZ94            
523593    2001TZ1             
523668    2012UV27            
523801    1993TQ2             
523810    2008RG98            
          1991TF3             
          1998SL36            
          2000WO148           
          2001SO263           
          2002QG46            
          2002RO137           
          2002TP69            
          2003GG21            
          2003QA              
          2003QA30            
          2005OG3             
          2005QN11            
          2005QQ11            
          2005TR45            
          2007SR1             
          2007TA25            
          2007TG25            
          2008SN1             
          2008UO90            
          2010TS149           
          2011CD22            
          2011CG22            
          2011YQ10            
          2012DE61            
          2012TT5             
          2013QH48            
          2013RZ73            
          2013SL30            
          2013TS4             
          2014HO129           
          2014SK142           
          2015AY245           
          2015SW6             
          2015XE352           
          2016JG12            
          2016QJ44            
          2016RS              
          2016XU17            
          2017RM15            
          2017SJ20            
          2018TG5             
          2019AF12            
          2019NC1             
          2019RU3             
          2019SD3             
          2019UD4             
          2021JH2             
          2021KL2             
          2021LK2             
          2021LQ24            
          2021MO1             
          2021MP1             
          2021ND2             
          2021NK3             
          2021NW5             
          2021NY1             
          2021PB15            
          2021PD9             
          2021PE10            
          2021PG46            
          2021PL23            
          2021PO41            
          2021PR2             
          2021PU16            
          2021PY40            
          2021QF1             
          2021QF5             
          2021QN3             
          2021QO42            
          2021QP1             
          2021QR1             
          2021QV3             
          2021QV6             
          2021QX              
          2021RD15            
          2021RF1             
          2021RF4             
          2021RH19            
          2021RJ2             
          2021RL22            
          2021RM16            
          2021RP4             
          2021RP12            
          2021RR14            
          2021RR23            
          2021RS              
          2021RX5             
          2021RZ3             
          2021SB2             
          2021SF              
          2021SF1             
          2021SL1             
          2021SM              
          2021SO              
          2021SQ1             
          2021SU              
          2021SU1             
          2021SY1             
          2021SZ1             
# Thu Sep 30 05:00:09 UTC 2021
          2021SD2             
# Thu Sep 30 03:30:09 UTC 2021
          2021RH26            
# Thu Sep 30 02:00:09 UTC 2021
          2021SC2             
# Thu Sep 30 01:00:09 UTC 2021
          2021SA2             
          2021SB2             
          2021SZ1             
# Wed Sep 29 22:30:09 UTC 2021
          2021SY1             
# Wed Sep 29 14:30:09 UTC 2021
          2019SF6             
# Wed Sep 29 14:00:08 UTC 2021
          2012TN20            
# Wed Sep 29 11:58:03 UTC 2021
433       Eros                
1943      Anteros             
2063      Bacchus             
3352      McAuliffe           
3361      Orpheus             
4183      Cuno                
4341      Poseidon            
4660      Nereus              
4954      Eric                
5131      1990BG              
5653      Camarillo           
5751      Zao                 
7341      1991VK              
7482      1994PC1             
11885     Summanus            
12923     Zephyr              
16960     1998QS52            
26663     2000XK47            
32906     1994RH              
52750     1998KK17            
68063     2000YJ66            
85804     1998WQ5             
137427    1999TF211           
143649    2003QQ47            
144922    2005CK38            
155140    2005UD              
162273    1999VL12            
162510    2000QW69            
164184    2004BF68            
199003    2005WJ56            
203217    2001FX9             
220909    2005EO1             
223456    2003UB10            
242187    2003KR18            
249615    1999TB5             
258325    2001VB2             
260277    2004TR12            
283457    2001MQ3             
283460    2001PD1             
297300    1998SC15            
303174    2004FH11            
304330    2006SX217           
308127    2004XM130           
326732    2003HB6             
329669    2003UD8             
353938    1998QR15            
363027    1998ST27            
366774    2004TB18            
377732    2005XJ8             
386281    2008RJ1             
397237    2006KZ112           
411201    2010LJ14            
442742    2012WP3             
452314    1999LN28            
452807    2006KV89            
471241    2011BX18            
474585    2004HC2             
475462    2006SW5             
481918    2009BE77            
503871    2000SL              
516976    2012HM1             
517681    2015DE198           
          1986NA              
          1991TF3             
          1998SL36            
          1999FJ21            
          2000EY106           
          2001UX4             
          2002RA182           
          2002RO137           
          2003DF16            
          2004KA              
          2005OG3             
          2005QQ11            
          2005RO33            
          2005TR45            
          2006AL3             
          2006AM8             
          2006JZ25            
          2006OA5             
          2007SR1             
          2007TG25            
          2008SN1             
          2010TV149           
          2011CD22            
          2011SG189           
          2013QH48            
          2014HO129           
          2014WW120           
          2016EK27            
          2016XU17            
          2017SJ20            
          2018GY1             
          2019NN36            
          2019RU3             
          2020HL5             
          2021JG7             
          2021JH2             
          2021JS5             
          2021KQ7             
          2021LH9             
          2021LN15            
          2021LQ24            
          2021MG1             
          2021MO1             
          2021NM39            
          2021NY1             
          2021NY5             
          2021PA2             
          2021PA24            
          2021PB15            
          2021PD2             
          2021PD9             
          2021PE20            
          2021PF2             
          2021PG46            
          2021PH10            
          2021PJ3             
          2021PN40            
          2021PO2             
          2021PO41            
          2021PR2             
          2021PS2             
          2021PS16            
          2021PT1             
          2021PT6             
          2021PT16            
          2021PY40            
          2021QF5             
          2021QG1             
          2021QK5             
          2021QL5             
          2021QN2             
          2021QZ4             
          2021RA2             
          2021RC10            
          2021RD20            
          2021RE1             
          2021RF5             
          2021RG19            
          2021RL2             
          2021RL15            
          2021RM12            
          2021RO1             
          2021RO9             
          2021RP1             
          2021RR              
          2021RR14            
          2021RT2             
          2021RT3             
          2021RU9             
          2021RV6             
          2021RY6             
          2021RZ3             
          2021SA              
          2021SF1             
          2021SM              
          2021SM1             
          2021SN1             
          2021SO1             
          2021SS1             
          2021ST1             
          2021SU1             
          2021SV1             
          2021SW1             
# Wed Sep 29 07:24:05 UTC 2021
          2021JQ24            
237805    2002CF26            
# Wed Sep 29 04:00:09 UTC 2021
          2021SP1             
          2021SQ1             
# Wed Sep 29 03:30:09 UTC 2021
          2021SN1             
          2021SO1             
# Tue Sep 28 23:00:08 UTC 2021
          2021SL1             
          2021SM1             
# Tue Sep 28 21:30:09 UTC 2021
          2021SK1             
# Tue Sep 28 19:00:09 UTC 2021
          2021SJ1             
# Tue Sep 28 17:00:09 UTC 2021
          2019GF20            
# Tue Sep 28 16:30:09 UTC 2021
          2021SH1             
# Tue Sep 28 14:30:09 UTC 2021
          2019BJ2             
# Tue Sep 28 12:44:58 UTC 2021
1943      Anteros             
2329      Orthos              
3352      McAuliffe           
3691      Bede                
3753      Cruithne            
4183      Cuno                
7341      1991VK              
16636     1993QP              
16816     1997UF9             
16960     1998QS52            
23548     1994EF2             
29075     1950DA              
32906     1994RH              
68063     2000YJ66            
85709     1998SG36            
85839     1998YO4             
87024     2000JS66            
96189     Pygmalion           
100004    1983VA              
137199    1999KX4             
138815    2000TQ64            
143649    2003QQ47            
155340    2006SK198           
159857    2004LJ1             
162273    1999VL12            
162510    2000QW69            
162635    2000SS164           
163250    2002GH1             
199003    2005WJ56            
202411    2005RC              
248818    2006SZ217           
255501    2006BG              
257838    2000JQ66            
276468    2003HQ32            
283457    2001MQ3             
285263    1998QE2             
285571    2000PQ9             
292220    2006SU49            
307161    2002DY3             
310402    1999EE5             
326732    2003HB6             
329669    2003UD8             
337248    2000RH60            
340666    2006RO36            
353938    1998QR15            
363344    2002QC7             
442742    2012WP3             
452314    1999LN28            
471034    2009TG8             
471241    2011BX18            
471956    2013SC25            
503871    2000SL              
518678    2008UZ94            
523599    2003RM              
523668    2012UV27            
523786    2015DP              
528507    2008UC95            
          1991TF3             
          1997YM9             
          1998SL36            
          2002QG46            
          2002RO137           
          2005QN11            
          2005TR45            
          2007TG25            
          2008HA38            
          2008JZ7             
          2008SN1             
          2008SX148           
          2008TD27            
          2010JM151           
          2011SM5             
          2011UC292           
          2011YQ10            
          2013QH48            
          2013RZ73            
          2015XE352           
          2016QJ44            
          2017AP20            
          2017TS3             
          2019RU3             
          2020HL5             
          2021LN15            
          2021LQ24            
          2021NM39            
          2021NZ1             
          2021OC5             
          2021PB15            
          2021PE10            
          2021PG46            
          2021PO41            
          2021QB3             
          2021QB11            
          2021QF5             
          2021QN2             
          2021QR              
          2021QR1             
          2021QV6             
          2021RD              
          2021RD10            
          2021RD20            
          2021RE              
          2021RF2             
          2021RG19            
          2021RJ7             
          2021RJ12            
          2021RJ19            
          2021RK              
          2021RL22            
          2021RL25            
          2021RM2             
          2021RM5             
          2021RN3             
          2021RO1             
          2021RO16            
          2021RP12            
          2021RP14            
          2021RQ12            
          2021RU14            
          2021RW2             
          2021RX7             
          2021RZ              
          2021RZ1             
          2021SF              
          2021ST              
          2021SU              
          2021SV              
# Tue Sep 28 11:30:09 UTC 2021
          2021SC1             
          2021SD1             
          2021SE1             
          2021SF1             
          2021SG1             
# Tue Sep 28 07:20:49 UTC 2021
          2011CD22      
# Tue Sep 28 07:03:35 UTC 2021
237805    2002CF26            
# Tue Sep 28 00:30:09 UTC 2021
          2021SB1             
# Mon Sep 27 18:00:09 UTC 2021
          2003GG21            
# Mon Sep 27 16:30:09 UTC 2021
          2011CD22            
# Mon Sep 27 11:58:03 UTC 2021
433       Eros                
1943      Anteros             
2063      Bacchus             
3200      Phaethon            
4341      Poseidon            
4954      Eric                
5751      Zao                 
6611      1993VW              
7341      1991VK              
12923     Zephyr              
18736     1998NU              
37336     2001RM              
52750     1998KK17            
66146     1998TU3             
68063     2000YJ66            
85709     1998SG36            
87309     2000QP              
142563    2002TR69            
143649    2003QQ47            
162510    2000QW69            
162566    2000RJ34            
199003    2005WJ56            
257744    2000AD205           
283460    2001PD1             
285571    2000PQ9             
297300    1998SC15            
302871    2003HA22            
326732    2003HB6             
333889    1998SV4             
353938    1998QR15            
363027    1998ST27            
396794    2004KT              
418896    2009AK15            
474532    2003VG1             
495615    2015PQ291           
523786    2015DP              
          2002RR25            
          2003QA              
          2005OG3             
          2005QN11            
          2007TG25            
          2008SN1             
          2012PA              
          2012UY9             
          2013TS4             
          2014HO129           
          2015TM143           
          2016QJ44            
          2018RY1             
          2019AQ3             
          2020XK7             
          2021EZ4             
          2021JG7             
          2021JH2             
          2021LC19            
          2021LK2             
          2021LN15            
          2021MG1             
          2021MO1             
          2021NM39            
          2021NU5             
          2021NW5             
          2021NY1             
          2021PB15            
          2021PE10            
          2021PF2             
          2021PF15            
          2021PH4             
          2021PN5             
          2021PN26            
          2021PO41            
          2021PR2             
          2021PS2             
          2021PS70            
          2021PY40            
          2021QF5             
          2021QK4             
          2021QL              
          2021QO2             
          2021RB2             
          2021RC15            
          2021RD20            
          2021RE15            
          2021RF2             
          2021RF5             
          2021RG19            
          2021RH19            
          2021RJ15            
          2021RK14            
          2021RM5             
          2021RO10            
          2021RP10            
          2021RP12            
          2021RQ              
          2021RS              
          2021RS4             
          2021RS9             
          2021RT9             
          2021RU10            
          2021RU12            
          2021RU14            
          2021RV4             
          2021RW              
          2021SB              
          2021SF              
          2021SO              
# Removed
          2021RK3             
# Mon Sep 27 11:30:08 UTC 2021
          2021ST              
          2021SU              
          2021SV              
          2021SW              
# Mon Sep 27 07:40:53 UTC 2021
237805    2002CF26            
# Mon Sep 27 07:28:29 UTC 2021
          2021QA6
# Sun Sep 26 11:58:03 UTC 2021
1943      Anteros             
3352      McAuliffe           
4341      Poseidon            
7358      Oze                 
7482      1994PC1             
16960     1998QS52            
18882     1999YN4             
32906     1994RH              
52750     1998KK17            
52768     1998OR2             
66146     1998TU3             
68063     2000YJ66            
85839     1998YO4             
87024     2000JS66            
88263     2001KQ1             
159857    2004LJ1             
162273    1999VL12            
199003    2005WJ56            
248818    2006SZ217           
251346    2007SJ              
256412    2007BT2             
276468    2003HQ32            
292220    2006SU49            
333755    2010VC1             
344756    2003VO2             
353938    1998QR15            
363027    1998ST27            
363344    2002QC7             
415029    2011UL21            
419624    2010SO16            
442742    2012WP3             
471241    2011BX18            
482054    2010AE              
503871    2000SL              
518678    2008UZ94            
          1991TF3             
          2001SO263           
          2002RO137           
          2004UE              
          2007TC23            
          2007TG25            
          2008HA38            
          2008SX148           
          2011YQ10            
          2012RV16            
          2012VZ36            
          2013RZ73            
          2014SK142           
          2017EQ13            
          2018CZ2             
          2019KB2             
          2021KQ7             
          2021LB2             
          2021LH9             
          2021LK2             
          2021LN15            
          2021LQ24            
          2021MP1             
          2021NK3             
          2021PC10            
          2021PE10            
          2021PG46            
          2021PK23            
          2021PL1             
          2021PL3             
          2021PO41            
          2021PY40            
          2021QC3             
          2021QF5             
          2021QJ6             
          2021QK5             
          2021QR1             
          2021QU5             
          2021QV6             
          2021RA15            
          2021RB2             
          2021RC16            
          2021RD20            
          2021RE10            
          2021RE16            
          2021RF2             
          2021RF5             
          2021RG19            
          2021RK14            
          2021RM5             
          2021RM14            
          2021RO1             
          2021RS              
          2021RS3             
          2021RU14            
          2021RX5             
          2021SO              
# Sat Sep 25 23:00:09 UTC 2021
          2021QG5             
# Sat Sep 25 18:30:09 UTC 2021
          2021RU23            
# Sat Sep 25 11:58:02 UTC 2021
1943      Anteros             
3200      Phaethon            
3352      McAuliffe           
4341      Poseidon            
4954      Eric                
5131      1990BG              
5143      Heracles            
5751      Zao                 
7341      1991VK              
16960     1998QS52            
29075     1950DA              
31221     1998BP26            
32906     1994RH              
52750     1998KK17            
66146     1998TU3             
68063     2000YJ66            
68347     2001KB67            
85709     1998SG36            
85839     1998YO4             
100004    1983VA              
138205    2000EZ148           
143527    2003EN16            
143649    2003QQ47            
144922    2005CK38            
159857    2004LJ1             
162510    2000QW69            
199003    2005WJ56            
254419    2004VT60            
255501    2006BG              
260277    2004TR12            
283457    2001MQ3             
283460    2001PD1             
285571    2000PQ9             
303262    2004RJ84            
326732    2003HB6             
329669    2003UD8             
333889    1998SV4             
353938    1998QR15            
363027    1998ST27            
367525    2009QZ6             
380636    2004XN14            
442742    2012WP3             
471108    2010CL1             
495615    2015PQ291           
517681    2015DE198           
523593    2001TZ1             
          1991TF3             
          1998SL36            
          2002RO137           
          2002RR25            
          2005RO33            
          2005TR45            
          2007TG25            
          2008JZ7             
          2008SN1             
          2010XC15            
          2011WD39            
          2013QH48            
          2014HO129           
          2014UU192           
          2016JS28            
          2017GL7             
          2017SN14            
          2019NC7             
          2021EC5             
          2021LH9             
          2021LN15            
          2021LQ24            
          2021MG1             
          2021MO1             
          2021NF1             
          2021NS5             
          2021OX1             
          2021PA2             
          2021PE10            
          2021PG46            
          2021PN26            
          2021PO41            
          2021PR2             
          2021PR16            
          2021PY40            
          2021QA6             
          2021QG5             
          2021QR1             
          2021RD20            
          2021RF2             
          2021RF5             
          2021RG19            
          2021RK14            
          2021RP12            
          2021RP14            
          2021RS              
          2021RU14            
          2021SO              
# Sat Sep 25 11:30:08 UTC 2021
          2021RR23            
          2021SQ              
# Fri Sep 24 12:39:51 UTC 2021
719       Albert              
1627      Ivar                
1865      Cerberus            
1916      Boreas              
1943      Anteros             
2102      Tantalus            
2368      Beltrovata          
3352      McAuliffe           
3691      Bede                
4183      Cuno                
4341      Poseidon            
4957      Brucemurray         
6050      Miwablock           
9950      ESA                 
11311     Peleus              
13553     Masaakikoyama       
21088     Chelyabinsk         
23548     1994EF2             
32906     1994RH              
65679     1989UQ              
68063     2000YJ66            
85709     1998SG36            
85804     1998WQ5             
87024     2000JS66            
99907     1989VA              
100004    1983VA              
137199    1999KX4             
143649    2003QQ47            
154991    Vinciguerra         
159857    2004LJ1             
162566    2000RJ34            
190788    2001RT17            
198856    2005LR3             
199003    2005WJ56            
252793    2002FW5             
283460    2001PD1             
285571    2000PQ9             
317685    2003NO4             
326732    2003HB6             
329669    2003UD8             
353938    1998QR15            
378124    2006VT2             
396794    2004KT              
411201    2010LJ14            
442742    2012WP3             
507716    2013UP8             
          1991TF3             
          2002QG46            
          2002RO137           
          2005QN11            
          2005TR45            
          2006AM8             
          2008JZ7             
          2010JM151           
          2010TV149           
          2011YQ10            
          2012XO111           
          2012XQ111           
          2014HO129           
          2014UU192           
          2015RJ83            
          2021LD2             
          2021LN15            
          2021LQ6             
          2021LQ24            
          2021MG1             
          2021NK3             
          2021NT3             
          2021PG46            
          2021PO41            
          2021PS2             
          2021PT              
          2021PT6             
          2021QD3             
          2021QF5             
          2021QK5             
          2021QN3             
          2021QR1             
          2021QV6             
          2021RA4             
          2021RD20            
          2021RF2             
          2021RG19            
          2021RH19            
          2021RL              
          2021RO9             
          2021RO10            
          2021RP10            
          2021RU19            
          2021RV5             
          2021RW2             
          2021SF              
          2021SG              
          2021SH              
# Fri Sep 24 10:05:06 UTC 2021
237805    2002CF26            
          2021JQ24            
# Thu Sep 23 19:00:09 UTC 2021
          2021SP              
# Thu Sep 23 11:58:02 UTC 2021
433       Eros                
1627      Ivar                
1943      Anteros             
2063      Bacchus             
4954      Eric                
6050      Miwablock           
7358      Oze                 
11311     Peleus              
16960     1998QS52            
20826     2000UV13            
23548     1994EF2             
32906     1994RH              
52750     1998KK17            
52762     1998MT24            
68031     2000YK29            
68063     2000YJ66            
85709     1998SG36            
88263     2001KQ1             
99907     1989VA              
99942     Apophis             
100756    1998FM5             
105140    2000NL10            
137199    1999KX4             
138205    2000EZ148           
141851    2002PM6             
162273    1999VL12            
164400    2005GN59            
192563    1998WZ6             
199003    2005WJ56            
235756    2004VC              
242187    2003KR18            
252399    2001TX44            
260277    2004TR12            
283460    2001PD1             
285571    2000PQ9             
303174    2004FH11            
337118    1999TX2             
337248    2000RH60            
353938    1998QR15            
356285    2010DE              
363027    1998ST27            
523593    2001TZ1             
          1991TF3             
          1997YM9             
          2005OG3             
          2005TR45            
          2007TG25            
          2011YQ10            
          2012TT              
          2014HO129           
          2017UX5             
          2018PG22            
          2019AQ3             
          2021LN15            
          2021LQ24            
          2021MO1             
          2021OZ              
          2021PL23            
          2021PO41            
          2021PY40            
          2021QE2             
          2021RA              
          2021RD20            
          2021RF16            
          2021RG19            
          2021RR5             
          2021RS5             
          2021RY6             
          2021SG              
# Wed Sep 22 18:00:09 UTC 2021
          2021RN23            
# Wed Sep 22 16:00:09 UTC 2021
          2006SF7             
# Wed Sep 22 14:35:48 UTC 2021
237805    2002CF26            
          2021JQ24            
# Wed Sep 22 14:30:09 UTC 2021
          2021JA4             
          2021LX6             
# Wed Sep 22 11:58:03 UTC 2021
1627      Ivar                
3691      Bede                
6050      Miwablock           
7341      1991VK              
7358      Oze                 
11311     Peleus              
25330     1999KV4             
32906     1994RH              
68063     2000YJ66            
86324     1999WA2             
88263     2001KQ1             
100004    1983VA              
162269    1999VO6             
162635    2000SS164           
223456    2003UB10            
248818    2006SZ217           
252373    2001SA270           
283460    2001PD1             
286079    2001TW1             
303174    2004FH11            
329669    2003UD8             
337118    1999TX2             
344756    2003VO2             
353938    1998QR15            
374851    2006VV2             
385186    1994AW1             
          2007TG25            
          2008TC4             
          2011YQ10            
          2012QQ50            
          2014HO129           
          2021LK2             
          2021MP1             
          2021PL23            
          2021PO41            
          2021PS2             
          2021PY40            
          2021QV6             
          2021RD20            
          2021RG19            
          2021SO              
# Wed Sep 22 12:17:34 UTC 2021
          2021RG19
# Tue Sep 21 15:30:09 UTC 2021
2100      Ra-Shalom           
6050      Miwablock           
11311     Peleus              
24443     2000OG              
66146     1998TU3             
85804     1998WQ5             
137199    1999KX4             
138359    2000GX127           
143649    2003QQ47            
159857    2004LJ1             
162269    1999VO6             
162273    1999VL12            
162635    2000SS164           
248926    2006WZ2             
250614    2005GG              
363344    2002QC7             
396794    2004KT              
          2001EC              
          2006SD6             
          2008TC4             
          2011YQ10            
          2013RZ73            
          2014HO129           
          2016XU17            
          2017AP20            
          2019PZ2             
          2019RU3             
          2021JH2             
          2021KL2             
          2021LN15            
          2021LQ24            
          2021NC8             
          2021NS5             
          2021NY1             
          2021NZ1             
          2021PF2             
          2021PL23            
          2021QV6             
          2021RG19            
          2021RV16            
          2021RX4             
          2021RX5             
          2021SA              
# Tue Sep 21 11:58:02 UTC 2021
          2021PF2             
# Mon Sep 20 11:58:02 UTC 2021
1943      Anteros             
3200      Phaethon            
4954      Eric                
16960     1998QS52            
25330     1999KV4             
32906     1994RH              
52750     1998KK17            
68063     2000YJ66            
189011    Ogmios              
250577    2005AC              
283460    2001PD1             
303174    2004FH11            
307161    2002DY3             
333889    1998SV4             
353938    1998QR15            
          1991TF3             
          2001EC              
          2010XB11            
          2021LN15            
          2021LQ24            
          2021PB15            
          2021PT6             
          2021QJ6             
          2021QV6             
          2021QW1             
          2021SG              
          2021SO              
# Mon Sep 20 09:27:52 UTC 2021
# Removed
          2015BJ528
# Mon Sep 20 09:08:01 UTC 2021
          2015BJ528
# Mon Sep 20 09:02:23 UTC 2021
# Removed
          2021RJ1             
# Mon Sep 20 07:30:09 UTC 2021
433       Eros                
1627      Ivar                
1943      Anteros             
2201      Oljato              
2212      Hephaistos          
3200      Phaethon            
3352      McAuliffe           
5751      Zao                 
7358      Oze                 
8176      1991WA              
16960     1998QS52            
19764     2000NF5             
30825     1990TG1             
31345     1998PG              
32906     1994RH              
42286     2001TN41            
52762     1998MT24            
67399     2000PJ6             
68063     2000YJ66            
85628     1998KV2             
85709     1998SG36            
85839     1998YO4             
90403     2003YE45            
96189     Pygmalion           
96536     1998SO10            
100004    1983VA              
100756    1998FM5             
136849    1998CS1             
137062    1998WM              
138205    2000EZ148           
138359    2000GX127           
140333    2001TD2             
141851    2002PM6             
143649    2003QQ47            
152664    1998FW4             
155334    2006DZ169           
155340    2006SK198           
159399    1998UL1             
159857    2004LJ1             
162510    2000QW69            
163818    2003RX7             
173232    1998XC9             
202411    2005RC              
242187    2003KR18            
248926    2006WZ2             
249615    1999TB5             
249886    2001RY11            
283460    2001PD1             
285263    1998QE2             
285571    2000PQ9             
285638    2000SO10            
297300    1998SC15            
303174    2004FH11            
307161    2002DY3             
326732    2003HB6             
333889    1998SV4             
334673    2003AL18            
337248    2000RH60            
351508    2005RN33            
351545    2005TE15            
353938    1998QR15            
357414    2003XE              
363027    1998ST27            
367525    2009QZ6             
374851    2006VV2             
385186    1994AW1             
416567    2004EB              
452314    1999LN28            
471034    2009TG8             
482391    2012AN23            
503871    2000SL              
523593    2001TZ1             
523801    1993TQ2             
524536    2003AO4             
          1986NA              
          2001EC              
          2003DF16            
          2005TR45            
          2006AL3             
          2007SR1             
          2007TE66            
          2008SN1             
          2008TV25            
          2010JM151           
          2011YQ10            
          2012TT              
          2013TM4             
          2013TS5             
          2014HO129           
          2014WW120           
          2015XE352           
          2016AL8             
          2016XU17            
          2019NC1             
          2020OV1             
          2021JH2             
          2021KQ7             
          2021LK2             
          2021LN15            
          2021LQ24            
          2021MP1             
          2021NC1             
          2021NM8             
          2021PA2             
          2021PB2             
          2021PB15            
          2021PB23            
          2021PF2             
          2021PF15            
          2021PG46            
          2021PH4             
          2021PH10            
          2021PL23            
          2021PL40            
          2021PN26            
          2021PO41            
          2021PP6             
          2021PQ26            
          2021PR2             
          2021PV2             
          2021PY40            
          2021QA2             
          2021QB3             
          2021QD5             
          2021QE              
          2021QF5             
          2021QK5             
          2021QL5             
          2021QM3             
          2021QN2             
          2021QN3             
          2021QO42            
          2021QP1             
          2021QR1             
          2021QU5             
          2021QV6             
          2021RA2             
          2021RC10            
          2021RC12            
          2021RC15            
          2021RD6             
          2021RD10            
          2021RD15            
          2021RD16            
          2021RE5             
          2021RE12            
          2021RF1             
          2021RF10            
          2021RF15            
          2021RG7             
          2021RH              
          2021RH4             
          2021RH12            
          2021RJ2             
          2021RK14            
          2021RL3             
          2021RL10            
          2021RL15            
          2021RL22            
          2021RM7             
          2021RM12            
          2021RM22            
          2021RN12            
          2021RN14            
          2021RN16            
          2021RO1             
          2021RO9             
          2021RP              
          2021RP1             
          2021RP4             
          2021RP9             
          2021RP10            
          2021RQ              
          2021RQ3             
          2021RR              
          2021RR3             
          2021RR5             
          2021RS              
          2021RS9             
          2021RT1             
          2021RT3             
          2021RT4             
          2021RU              
          2021RU1             
          2021RU5             
          2021RU10            
          2021RV4             
          2021RV7             
          2021RW3             
          2021RW7             
          2021RX2             
          2021RX5             
          2021RY5             
          2021RY6             
          2021RZ7             
          2021RZ9             
          2021SB              
          2021SE              
          2021SF              
          2021SG              
          2021SH              
          2021SJ              
          2021SK              
          2021SL              
          2021SM              
          2021SO              
# Fri Sep 17 13:41:03 UTC 2021
1620      Geographos          
1943      Anteros             
2063      Bacchus             
3200      Phaethon            
3352      McAuliffe           
3361      Orpheus             
4660      Nereus              
5143      Heracles            
5751      Zao                 
6050      Miwablock           
7341      1991VK              
7358      Oze                 
9950      ESA                 
11284     Belenus             
11311     Peleus              
12711     Tukmit              
20826     2000UV13            
23548     1994EF2             
31345     1998PG              
32906     1994RH              
68063     2000YJ66            
85182     1991AQ              
85709     1998SG36            
85804     1998WQ5             
85839     1998YO4             
96189     Pygmalion           
100756    1998FM5             
137062    1998WM              
137199    1999KX4             
138013    2000CN101           
138359    2000GX127           
152664    1998FW4             
155140    2005UD              
155340    2006SK198           
159857    2004LJ1             
162269    1999VO6             
162510    2000QW69            
162635    2000SS164           
189973    2003XE11            
190788    2001RT17            
192563    1998WZ6             
198856    2005LR3             
242187    2003KR18            
260141    2004QT24            
283460    2001PD1             
297300    1998SC15            
303174    2004FH11            
307161    2002DY3             
318160    2004QZ2             
326732    2003HB6             
344756    2003VO2             
353938    1998QR15            
363344    2002QC7             
367525    2009QZ6             
396794    2004KT              
410195    2007RT147           
436761    2012DN              
474585    2004HC2             
475462    2006SW5             
481918    2009BE77            
499307    2009WC52            
516976    2012HM1             
518678    2008UZ94            
523665    2012RF15            
523810    2008RG98            
          2005QN11            
          2005QQ11            
          2006AL3             
          2006JZ25            
          2008CD6             
          2008SN1             
          2010JM151           
          2011SM5             
          2011YQ10            
          2012BA35            
          2012DE61            
          2012EP5             
          2012QQ50            
          2012TT              
          2012TX284           
          2012US136           
          2013QH48            
          2013RZ73            
          2014HF177           
          2014HO129           
          2014UU192           
          2015OB79            
          2015VR1             
          2015XE352           
          2016RP40            
          2016RS              
          2017KE3             
          2017QF2             
          2017SR19            
          2017XN61            
          2018DA10            
          2018PG22            
          2018TG5             
          2019AW13            
          2019DK              
          2019NC1             
          2019RU3             
          2020XD5             
          2021GM4             
          2021JH2             
          2021JW17            
          2021KL2             
          2021KN3             
          2021LH9             
          2021LN15            
          2021LQ24            
          2021MO1             
          2021MP1             
          2021NC1             
          2021ND2             
          2021NF1             
          2021NL1             
          2021NS5             
          2021PA2             
          2021PA15            
          2021PB15            
          2021PG46            
          2021PH1             
          2021PL23            
          2021PO41            
          2021PR2             
          2021PT6             
          2021QA2             
          2021QF5             
          2021QG2             
          2021QN3             
          2021QP1             
          2021QV6             
          2021RB1             
          2021RB2             
          2021RB6             
          2021RC10            
          2021RD6             
          2021RD15            
          2021RE              
          2021RE1             
          2021RE20            
          2021RG12            
          2021RH2             
          2021RJ              
          2021RJ2             
          2021RJ12            
          2021RJ14            
          2021RK6             
          2021RK14            
          2021RL3             
          2021RL14            
          2021RM5             
          2021RM10            
          2021RN              
          2021RN1             
          2021RN5             
          2021RN10            
          2021RN14            
          2021RO9             
          2021RP9             
          2021RQ9             
          2021RR              
          2021RS              
          2021RS5             
          2021RS14            
          2021RT3             
          2021RT4             
          2021RU12            
          2021RV5             
          2021RV19            
          2021RW2             
          2021RX5             
          2021RY4             
          2021RY6             
          2021RZ              
          2021RZ3             
          2021RZ7             
          2021SA              
          2021SB              
          2021SC              
          2021SD              
          2021SE              
          2021SF              
# Fri Sep 17 03:30:09 UTC 2021
          2021RD20            
# Thu Sep 16 20:30:08 UTC 2021
          2021RU19            
          2021RV19            
# Thu Sep 16 15:00:10 UTC 2021
          2019OV3             
          2021RR19            
# Thu Sep 16 13:20:34 UTC 2021
1620      Geographos          
1627      Ivar                
3200      Phaethon            
3691      Bede                
5751      Zao                 
6050      Miwablock           
9202      1993PB              
9950      ESA                 
11311     Peleus              
11885     Summanus            
12711     Tukmit              
16960     1998QS52            
20460     Robwhiteley         
23548     1994EF2             
31345     1998PG              
39796     1997TD              
52750     1998KK17            
67399     2000PJ6             
68031     2000YK29            
68063     2000YJ66            
68548     2001XR31            
85804     1998WQ5             
86324     1999WA2             
89959     2002NT7             
96189     Pygmalion           
100756    1998FM5             
105140    2000NL10            
137062    1998WM              
137199    1999KX4             
138013    2000CN101           
138205    2000EZ148           
142781    2002UM11            
159857    2004LJ1             
162273    1999VL12            
162635    2000SS164           
162723    2000VM2             
163252    2002GD11            
198856    2005LR3             
199003    2005WJ56            
242187    2003KR18            
244670    2003KN18            
249615    1999TB5             
255501    2006BG              
283457    2001MQ3             
283460    2001PD1             
285571    2000PQ9             
303174    2004FH11            
307161    2002DY3             
322652    1999JO8             
340666    2006RO36            
344756    2003VO2             
351370    2005EY              
353938    1998QR15            
363027    1998ST27            
363344    2002QC7             
382395    1990SM              
410195    2007RT147           
419472    2010DW1             
452807    2006KV89            
471241    2011BX18            
497232    2005EF              
499307    2009WC52            
518678    2008UZ94            
523593    2001TZ1             
523810    2008RG98            
          1986NA              
          1998SL36            
          1999FJ21            
          1999TW16            
          2001JV1             
          2002QG46            
          2002RO137           
          2002RR25            
          2003DF16            
          2003UW26            
          2004MP3             
          2004TX37            
          2004UE              
          2004XL29            
          2005OG3             
          2005QN11            
          2005RO33            
          2005TR45            
          2006AL3             
          2007RY19            
          2007TG25            
          2008GO20            
          2008JZ7             
          2008SN1             
          2008SX148           
          2010JM151           
          2011UC292           
          2011YQ10            
          2012EP5             
          2012KK18            
          2012QQ50            
          2013RZ73            
          2013TS4             
          2014HO129           
          2014QW432           
          2014QX432           
          2016XU17            
          2017AP20            
          2018TG5             
          2019AF12            
          2019AQ3             
          2021EH4             
          2021GY1             
          2021JH2             
          2021KK              
          2021KL2             
          2021LQ24            
          2021MG1             
          2021NY4             
          2021PC10            
          2021PC17            
          2021PE5             
          2021PF2             
          2021PH27            
          2021PJ23            
          2021PL23            
          2021PO41            
          2021PS2             
          2021PT6             
          2021PY9             
          2021PY40            
          2021QA2             
          2021QB3             
          2021QC3             
          2021QC6             
          2021QH1             
          2021QJ6             
          2021QK3             
          2021QK5             
          2021QL5             
          2021QM3             
          2021QN3             
          2021QP5             
          2021QR1             
          2021QV6             
          2021RB4             
          2021RC              
          2021RC10            
          2021RD2             
          2021RD10            
          2021RE              
          2021RF2             
          2021RF5             
          2021RJ2             
          2021RJ6             
          2021RJ14            
          2021RJ19            
          2021RK14            
          2021RK16            
          2021RL3             
          2021RL6             
          2021RL15            
          2021RM14            
          2021RN3             
          2021RN14            
          2021RO1             
          2021RO16            
          2021RP1             
          2021RP9             
          2021RQ9             
          2021RR4             
          2021RR14            
          2021RV              
          2021RW4             
          2021RX3             
          2021RX5             
          2021RY              
          2021RY2             
          2021RY4             
          2021RZ3             
# Thu Sep 16 13:12:40 UTC 2021
          2021PH27
          2021QH1
# Thu Sep 16 11:00:09 UTC 2021
          2021RE19            
          2021RF19            
          2021RG19            
          2021RH19            
          2021RJ19            
# Wed Sep 15 21:00:09 UTC 2021
          2021RS16            
          2021RT16            
          2021RU16            
          2021RV16            
# Wed Sep 15 13:06:49 UTC 2021
          2021JQ24
237805    2002CF26
# Wed Sep 15 12:55:48 UTC 2021
          2021JQ24
237805    2002CF26
# Wed Sep 15 12:34:52 UTC 2021
2329      Orthos              
3103      Eger                
3352      McAuliffe           
4183      Cuno                
4341      Poseidon            
4954      Eric                
5131      1990BG              
5751      Zao                 
12711     Tukmit              
16960     1998QS52            
25330     1999KV4             
29075     1950DA              
32906     1994RH              
52750     1998KK17            
68063     2000YJ66            
68548     2001XR31            
85709     1998SG36            
85839     1998YO4             
86067     1999RM28            
87309     2000QP              
89959     2002NT7             
100004    1983VA              
138727    2000SU180           
143649    2003QQ47            
159857    2004LJ1             
162510    2000QW69            
223456    2003UB10            
232382    2003BT47            
251346    2007SJ              
260277    2004TR12            
283460    2001PD1             
297300    1998SC15            
303250    2004RU10            
326732    2003HB6             
333889    1998SV4             
337248    2000RH60            
340666    2006RO36            
353938    1998QR15            
366774    2004TB18            
407653    2011QF3             
434326    2004JG6             
445775    2011YA              
452314    1999LN28            
452807    2006KV89            
453729    2011BO24            
471108    2010CL1             
517681    2015DE198           
          1998SL36            
          2002RA182           
          2002RO137           
          2002RR25            
          2002TP69            
          2004LZ5             
          2006SD6             
          2007TA25            
          2008CD6             
          2008SX148           
          2010TV149           
          2011UC292           
          2011YQ10            
          2012US136           
          2013QH48            
          2014HA177           
          2014HO129           
          2015VR1             
          2015XE352           
          2017SR19            
          2018FP3             
          2018TG5             
          2019LF6             
          2021GK1             
          2021LH9             
          2021LN15            
          2021LZ6             
          2021MO1             
          2021NF1             
          2021NK3             
          2021NW5             
          2021OX1             
          2021PA15            
          2021PB15            
          2021PC10            
          2021PJ10            
          2021PN26            
          2021PO41            
          2021PR2             
          2021PS2             
          2021PT6             
          2021PY9             
          2021PY40            
          2021QB2             
          2021QE3             
          2021QF5             
          2021QH1             
          2021QK2             
          2021QK5             
          2021QM2             
          2021QM3             
          2021QN3             
          2021QR1             
          2021QV1             
          2021QV6             
          2021QY1             
          2021RA8             
          2021RB              
          2021RB6             
          2021RC10            
          2021RE              
          2021RF12            
          2021RH2             
          2021RJ16            
          2021RK              
          2021RK2             
          2021RK14            
          2021RK16            
          2021RL3             
          2021RL14            
          2021RL15            
          2021RL16            
          2021RM10            
          2021RM16            
          2021RN              
          2021RN3             
          2021RN14            
          2021RN16            
          2021RO16            
          2021RP2             
          2021RP4             
          2021RP16            
          2021RQ9             
          2021RS              
          2021RS2             
          2021RS3             
          2021RS5             
          2021RS14            
          2021RT1             
          2021RT4             
          2021RU3             
          2021RV5             
          2021RV7             
          2021RW2             
          2021RW4             
          2021RX5             
          2021RY6             
# Tue Sep 15 07:35:09 UTC 2021
          2016AA194
# Tue Sep 14 23:00:09 UTC 2021
          2021RB16            
          2021RC16            
          2021RD16            
          2021RE16            
          2021RF16            
# Tue Sep 14 20:30:10 UTC 2021
          2021RE15            
          2021RF15            
          2021RJ15            
          2021RL15            
# Tue Sep 14 13:28:27 UTC 2021
572822    2008UC
574660    2010TM167
576330    2012PW
576763    2012UR136
577723    2013PF10
580109    2015BF4
584604    2017OD20
584693    2017QF17
585185    2017VT12
585310    2017YZ1
585428    2018NP1
585734    2019BA1
# Tue Sep 14 13:16:44 UTC 2021
572822    2008UC
# Tue Sep 14 11:58:03 UTC 2021
1943      Anteros             
2201      Oljato              
3352      McAuliffe           
3361      Orpheus             
3753      Cruithne            
4183      Cuno                
4660      Nereus              
4954      Eric                
6050      Miwablock           
7341      1991VK              
7889      1994LX              
9950      ESA                 
10636     1998QK56            
11284     Belenus             
11311     Peleus              
16636     1993QP              
20826     2000UV13            
23548     1994EF2             
25330     1999KV4             
29075     1950DA              
32906     1994RH              
38086     Beowulf             
85709     1998SG36            
85839     1998YO4             
86878     2000HD24            
88263     2001KQ1             
96536     1998SO10            
96744     1999OW3             
99907     1989VA              
100756    1998FM5             
137062    1998WM              
138013    2000CN101           
138205    2000EZ148           
138359    2000GX127           
143527    2003EN16            
143649    2003QQ47            
152664    1998FW4             
155340    2006SK198           
159857    2004LJ1             
162269    1999VO6             
162273    1999VL12            
162510    2000QW69            
162566    2000RJ34            
162635    2000SS164           
190788    2001RT17            
199003    2005WJ56            
243147    2007TX18            
260141    2004QT24            
260277    2004TR12            
283460    2001PD1             
285571    2000PQ9             
292220    2006SU49            
297300    1998SC15            
310402    1999EE5             
318160    2004QZ2             
325395    2009CQ5             
326732    2003HB6             
329669    2003UD8             
333889    1998SV4             
337248    2000RH60            
340666    2006RO36            
353938    1998QR15            
363027    1998ST27            
363344    2002QC7             
363505    2003UC20            
385423    2003DE6             
396794    2004KT              
397237    2006KZ112           
397847    2008TA1             
419472    2010DW1             
452314    1999LN28            
482798    2013QK48            
499307    2009WC52            
523593    2001TZ1             
523668    2012UV27            
          1986NA              
          1991TF3             
          2000EY106           
          2000PE3             
          2000WO148           
          2001TC45            
          2002RA182           
          2003QA              
          2005QN11            
          2005TR45            
          2006AL3             
          2006SD6             
          2007TA25            
          2007TE66            
          2007TG25            
          2008CD6             
          2008JZ7             
          2008SN1             
          2008SX148           
          2008TC4             
          2010JM151           
          2010MH1             
          2010TS149           
          2011FB29            
          2011OE16            
          2011SZ120           
          2011UC292           
          2011YQ10            
          2012DE61            
          2012OC1             
          2012QQ50            
          2012TT              
          2013NZ23            
          2013SL30            
          2014DT110           
          2014HA177           
          2014HO129           
          2014KE91            
          2014QW432           
          2014WW120           
          2015DJ215           
          2015FV118           
          2015OB79            
          2015RE36            
          2015TX143           
          2016JS28            
          2016SG1             
          2016VV3             
          2017AP20            
          2017EQ13            
          2017QF2             
          2017UD45            
          2017XD62            
          2018EM2             
          2018TG5             
          2019AQ3             
          2019NC1             
          2019NN36            
          2019RU3             
          2019UD4             
          2020PP              
          2021GM4             
          2021HQ3             
          2021JH2             
          2021LD5             
          2021LN15            
          2021LQ24            
          2021MM1             
          2021NC1             
          2021NC8             
          2021NO5             
          2021NS5             
          2021NT3             
          2021NU1             
          2021NY1             
          2021OV2             
          2021PA2             
          2021PC9             
          2021PC10            
          2021PF10            
          2021PG46            
          2021PH2             
          2021PJ3             
          2021PM4             
          2021PN40            
          2021PO41            
          2021PR2             
          2021PY40            
          2021QB6             
          2021QB11            
          2021QE1             
          2021QE2             
          2021QF1             
          2021QJ2             
          2021QL5             
          2021QM3             
          2021QN3             
          2021QO2             
          2021QV6             
          2021RA              
          2021RA4             
          2021RA6             
          2021RB1             
          2021RB4             
          2021RC6             
          2021RC10            
          2021RD2             
          2021RE1             
          2021RE4             
          2021RF1             
          2021RG2             
          2021RG12            
          2021RJ14            
          2021RK              
          2021RK6             
          2021RK7             
          2021RL3             
          2021RL14            
          2021RM5             
          2021RM14            
          2021RN1             
          2021RN5             
          2021RN14            
          2021RP4             
          2021RQ3             
          2021RR4             
          2021RR5             
          2021RS              
          2021RS3             
          2021RS5             
          2021RT              
          2021RT3             
          2021RT4             
          2021RT5             
          2021RU9             
          2021RV4             
          2021RV7             
          2021RX5             
          2021RY5             
          2021RY6             
          2021RZ              
          2021RZ3             
# Tue Sep 14 11:30:09 UTC 2021
          2021RA15            
          2021RB15            
          2021RC15            
          2021RD15            
# Tue Sep 14 04:00:09 UTC 2021
          2021RR14            
          2021RS14            
          2021RT14            
          2021RU14            
# Tue Sep 14 03:30:09 UTC 2021
          2021RP14            
          2021RQ14            
# Tue Sep 14 00:00:09 UTC 2021
          2021RG14            
          2021RH14            
          2021RJ14            
          2021RK14            
          2021RL14            
          2021RM14            
          2021RN14            
          2021RO14            
# Mon Sep 13 16:00:09 UTC 2021
          2017ET22            
          2021RU12            
# Mon Sep 13 14:45:09 UTC 2021
#Removed
359872    2011 WL10
# Mon Sep 13 14:30:09 UTC 2021
          2008TD27            
          2020RG6             
          2021RR12            
# Mon Sep 13 13:25:03 UTC 2021
359872    2011 WL10
# Mon Sep 13 11:58:03 UTC 2021
433       Eros                
1627      Ivar                
1943      Anteros             
2212      Hephaistos          
3200      Phaethon            
3352      McAuliffe           
3691      Bede                
3753      Cruithne            
4183      Cuno                
4487      Pocahontas          
4544      Xanthus             
4660      Nereus              
4954      Eric                
5143      Heracles            
5693      1993EA              
5751      Zao                 
7341      1991VK              
7358      Oze                 
7977      1977QQ5             
12538     1998OH              
12711     Tukmit              
16636     1993QP              
16960     1998QS52            
20460     Robwhiteley         
29075     1950DA              
32906     1994RH              
52762     1998MT24            
55532     2001WG2             
68031     2000YK29            
68063     2000YJ66            
85709     1998SG36            
85804     1998WQ5             
85839     1998YO4             
86829     2000GR146           
87684     2000SY2             
89959     2002NT7             
96189     Pygmalion           
100756    1998FM5             
105140    2000NL10            
106589    2000WN107           
137044    1998UC50            
137805    1999YK5             
138205    2000EZ148           
138359    2000GX127           
138404    2000HA24            
141484    2002DB4             
142563    2002TR69            
144922    2005CK38            
152637    1997NC1             
152664    1998FW4             
155334    2006DZ169           
159857    2004LJ1             
161989    Cacus               
162510    2000QW69            
162635    2000SS164           
162723    2000VM2             
163899    2003SD220           
174881    2004BU58            
190788    2001RT17            
192563    1998WZ6             
199003    2005WJ56            
235086    2003HW11            
242147    2003BH84            
242187    2003KR18            
243025    2006UM216           
249615    1999TB5             
260141    2004QT24            
260277    2004TR12            
265032    2003OU              
283460    2001PD1             
285571    2000PQ9             
297300    1998SC15            
302156    2001SF286           
303174    2004FH11            
307161    2002DY3             
308127    2004XM130           
318160    2004QZ2             
326732    2003HB6             
329669    2003UD8             
337248    2000RH60            
340666    2006RO36            
353938    1998QR15            
363027    1998ST27            
363344    2002QC7             
367525    2009QZ6             
385186    1994AW1             
407653    2011QF3             
416195    2002TR190           
418265    2008EA32            
443103    2013WT67            
464797    2004FZ1             
499307    2009WC52            
518678    2008UZ94            
523668    2012UV27            
          1998SL36            
          2002QG46            
          2002RA182           
          2002RR25            
          2005QN11            
          2006AL3             
          2007WY3             
          2008CD6             
          2008SN1             
          2010WT8             
          2011UC292           
          2013QH48            
          2014HO129           
          2014OD300           
          2014UU192           
          2016RS              
          2017VJ2             
          2019AQ3             
          2019EG              
          2019NC1             
          2021JG7             
          2021MG1             
          2021NM39            
          2021NT8             
          2021NY1             
          2021PA2             
          2021PB15            
          2021PF2             
          2021PG46            
          2021PJ23            
          2021PL23            
          2021PR2             
          2021PT6             
          2021PY40            
          2021QA2             
          2021QD3             
          2021QG5             
          2021QJ2             
          2021QK2             
          2021QN2             
          2021QR3             
          2021QV6             
          2021QZ4             
          2021RA              
          2021RA10            
          2021RB2             
          2021RB6             
          2021RC10            
          2021RD2             
          2021RD6             
          2021RD12            
          2021RG1             
          2021RJ6             
          2021RK2             
          2021RK6             
          2021RL3             
          2021RL4             
          2021RL6             
          2021RM2             
          2021RM6             
          2021RM10            
          2021RN2             
          2021RN3             
          2021RN10            
          2021RO1             
          2021RO3             
          2021RQ              
          2021RR1             
          2021RR4             
          2021RS5             
          2021RT2             
          2021RT4             
          2021RU1             
          2021RU5             
          2021RU7             
          2021RV4             
          2021RV7             
          2021RW2             
          2021RW4             
          2021RX3             
          2021RY3             
          2021RY5             
          2021RZ4             
          2021RZ9             
# Mon Sep 13 11:30:08 UTC 2021
          2007TC23            
# Mon Sep 13 11:00:09 UTC 2021
          2021RL12            
          2021RM12            
          2021RN12            
          2021RO12            
          2021RP12            
          2021RQ12            
# Mon Sep 13 10:24:09 UTC 2021
350872    2002PG43 
# Mon Sep 13 10:18:09 UTC 2021
#Removed
359872    2002PG43 
# Mon Sep 13 09:25:09 UTC 2021
# Removed
          2000QZ258
          2001KJ11
          2003EG54
          2004RM287
          2005TT58
          2006AF60
          2006UE161
          2006WH136
          2006WQ173
          2007VP205
          2008EA98
          2008EK155
          2008YY92
          2009BF169
          2009KA32
          2009SE81
          2009SL182
          2009SV100
          2009SY63
          2009VO57
          2009WM154
          2010AN126
          2010BA150
          2010BJ95
          2010BM138
          2010BR149
          2010BS152
          2010BT146
          2010BV132
          2010BW96
          2010BY120
          2010BY150
          2010CA261
          2010CD189
          2010CD223
          2010CF257
          2010CF268
          2010CJ211
          2010CN241
          2010CO268
          2010CS223
          2010CU192
          2010CW261
          2010CX255
          2010DJ94
          2010DT68
          2010EB164
          2010ED185
          2010EJ180
          2010EL151
          2010EQ185
          2010EW157
          2010FM103
          2010GD63
          2010GF182
          2010GG64
          2010GK181
          2010GM52
          2010GP83
          2010GX184
          2010GZ196
          2010HA123
          2010HB92
          2010HC60
          2010HC128
          2010HC138
          2010HE122
          2010HF130
          2010HH136
          2010HK113
          2010HN116
          2010HQ125
          2010HR117
          2010JE203
          2010JF194
          2010JH204
          2010JJ186
          2010JJ194
          2010JM14
          2010JM189
          2010JO192
          2010JP15
          2010JP55
          2010JQ199
          2010JQ205
          2010JU181
          2010JX184
          2010JX194
          2010JZ184
          2010KB34
          2010KB135
          2010KJ135
          2010KJ151
          2010KP155
          2010KR96
          2010KX142
          2010LB152
          2010LC139
          2010LD153
          2010LH153
          2010LK27
          2010LK139
          2010LM126
          2010LO30
          2010LT141
          2010LV146
          2010LX6
          2010LY148
          2010LZ151
          2010LZ152
          2010MA58
          2010MB94
          2010MF120
          2010MF137
          2010MG133
          2010MG140
          2010MH132
          2010MJ122
          2010MK46
          2010MN105
          2010MO30
          2010MP127
          2010MR100
          2010MS132
          2010MV128
          2010MX127
          2010MX143
          2010MY136
          2010MZ116
          2010MZ123
          2010NA134
          2010NF128
          2010NF140
          2010NH128
          2010NK82
          2010NN120
          2010NO125
          2010NP62
          2010NQ132
          2010NR145
          2010NS121
          2010NS141
          2010NT134
          2010NT139
          2010NV16
          2010NV121
          2010NZ129
          2010NZ141
          2010OA145
          2010OB150
          2010OC138
          2010OC142
          2010OD140
          2010OD148
          2010OF136
          2010OG145
          2010OG150
          2010OH144
          2010OK130
          2010OK146
          2010OL84
          2010OL136
          2010OM9
          2010ON131
          2010OO132
          2010OO139
          2010OO147
          2010OQ33
          2010OQ148
          2010OR145
          2010OT146
          2010OU112
          2010OX23
          2010OX131
          2010OX149
          2010OZ142
          2010OZ147
          2010PC87
          2010PK82
          2010PY82
          2010RQ33
          2010VH5
          2010VL5
          2010VV187
          2010WX17
          2011HH24
          2011OB9
          2011UL11
          2012DG85
          2012MO12
          2012TZ172
          2012XQ155
          2013AN100
          2013CW218
          2013EQ93
          2013FM
          2013QG45
          2013RA9
          2014CT14
          2014FY32
          2014HA95
          2014HE70
          2014HF62
          2014HF195
          2014HJ44
          2014LQ2
          2014QJ46
          2014QJ478
          2014SX258
          2014WJ506
          2015AA183
          2015AC186
          2015AH185
          2015AW161
          2015AW177
          2015BK385
          2015BK562
          2015BL148
          2015BN549
          2015BR479
          2015HO170
          2015WB9
          2016CX189
          2016CZ189
          2016EO64
          2016UN174
          2016UP222
          2016XP9
          2017SA114
          2017SF113
          2017SN120
          2018GR12
          2018HW3
          2018NG6
          2018XJ20
          2019UE2
# Mon Sep 13 09:25:09 UTC 2021
# Removed
          2000QZ258
          2001KJ11
          2003EG54
          2004RM287
          2005TT58
          2006AF60
          2006UE161
          2006WH136
          2006WQ173
          2007VP205
          2008EA98
          2008EK155
          2008YY92
          2009BF169
          2009KA32
          2009SE81
          2009SL182
          2009SV100
          2009SY63
          2009VO57
          2009WM154
          2010AN126
          2010BA150
          2010BJ95
          2010BM138
          2010BR149
          2010BS152
          2010BT146
          2010BV132
          2010BW96
          2010BY120
          2010BY150
          2010CA261
          2010CD189
          2010CD223
          2010CF257
          2010CF268
          2010CJ211
          2010CN241
          2010CO268
          2010CS223
          2010CU192
          2010CW261
          2010CX255
          2010DJ94
          2010DT68
          2010EB164
          2010ED185
          2010EJ180
          2010EL151
          2010EQ185
          2010EW157
          2010FM103
          2010GD63
          2010GF182
          2010GG64
          2010GK181
          2010GM52
          2010GP83
          2010GX184
          2010GZ196
          2010HA123
          2010HB92
          2010HC60
          2010HC128
          2010HC138
          2010HE122
          2010HF130
          2010HH136
          2010HK113
          2010HN116
          2010HQ125
          2010HR117
          2010JE203
          2010JF194
          2010JH204
          2010JJ186
          2010JJ194
          2010JM14
          2010JM189
          2010JO192
          2010JP15
          2010JP55
          2010JQ199
          2010JQ205
          2010JU181
          2010JX184
          2010JX194
          2010JZ184
          2010KB34
          2010KB135
          2010KJ135
          2010KJ151
          2010KP155
          2010KR96
          2010KX142
          2010LB152
          2010LC139
          2010LD153
          2010LH153
          2010LK27
          2010LK139
          2010LM126
          2010LO30
          2010LT141
          2010LV146
          2010LX6
          2010LY148
          2010LZ151
          2010LZ152
          2010MA58
          2010MB94
          2010MF120
          2010MF137
          2010MG133
          2010MG140
          2010MH132
          2010MJ122
          2010MK46
          2010MN105
          2010MO30
          2010MP127
          2010MR100
          2010MS132
          2010MV128
          2010MX127
          2010MX143
          2010MY136
          2010MZ116
          2010MZ123
          2010NA134
          2010NF128
          2010NF140
          2010NH128
          2010NK82
          2010NN120
          2010NO125
          2010NP62
          2010NQ132
          2010NR145
          2010NS121
          2010NS141
          2010NT134
          2010NT139
          2010NV16
          2010NV121
          2010NZ129
          2010NZ141
          2010OA145
          2010OB150
          2010OC138
          2010OC142
          2010OD140
          2010OD148
          2010OF136
          2010OG145
          2010OG150
          2010OH144
          2010OK130
          2010OK146
          2010OL84
          2010OL136
          2010OM9
          2010ON131
          2010OO132
          2010OO139
          2010OO147
          2010OQ33
          2010OQ148
          2010OR145
          2010OT146
          2010OU112
          2010OX23
          2010OX131
          2010OX149
          2010OZ142
          2010OZ147
          2010PC87
          2010PK82
          2010PY82
          2010RQ33
          2010VH5
          2010VL5
          2010VV187
          2010WX17
          2011HH24
          2011OB9
          2011UL11
          2012DG85
          2012MO12
          2012TZ172
          2012XQ155
          2013AN100
          2013CW218
          2013EQ93
          2013FM
          2013QG45
          2013RA9
          2014CT14
          2014FY32
          2014HA95
          2014HE70
          2014HF62
          2014HF195
          2014HJ44
          2014LQ2
          2014QJ46
          2014QJ478
          2014SX258
          2014WJ506
          2015AA183
          2015AC186
          2015AH185
          2015AW161
          2015AW177
          2015BK385
          2015BK562
          2015BL148
          2015BN549
          2015BR479
          2015HO170
          2015WB9
          2016CX189
          2016CZ189
          2016EO64
          2016UN174
          2016UP222
          2016XP9
          2017SA114
          2017SF113
          2017SN120
          2018GR12
          2018HW3
          2018NG6
          2018XJ20
          2019UE2
